// Jest Snapshot v1, https://goo.gl/fbAQLP

exports[`testing App Component render correctly 1`] = `ShallowWrapper {}`;
